{
  "3": {"temporal_int": 97},
  "immutable": {
    "immutable_int": 19
  }
}
