{
  "1": {"temporal_int_1": 1, "temporal_int_2": 26},
  "3": {"temporal_int_1": 12, "temporal_int_2": 22}
}