{
  "immutable": {
    "source": 2,
    "quantile": 0.75
  }
}