{
  "immutable": {
    "source": 1,
    "quantile": 0
  }
}