{
  "2011": {
    "n_companies": 2,
    "mean_employees": 74.5,
    "employee_productivity": 0.08868852459016394
  },
  "2012": {
    "n_companies": 2,
    "mean_employees": 75,
    "employee_productivity": 0.11166666666666666
  },
  "2013": {
    "n_companies": 2,
    "mean_employees": 80,
    "employee_productivity": 0.12625000000000003
  },
  "2014": {
    "n_companies": 1,
    "mean_employees": 105,
    "employee_productivity": 0.17714285714285716
  },
  "invariant": {
    "zip_code": "10025",
    "state": "New York",
    "city": "New York",
    "mean_productivity": 0.12593701209992195,
    "productivity_rank": 2
  }
}