id,/i_folder/some_text
composite_2,foo
composite_4,I(folder)
composite_3,
composite_1,lorem
