id,/never_populated
composite_2,
composite_4,
composite_1,
composite_3,
