id,custom_name
composite_3,
composite_1,lorem
composite_2,foo
composite_4,I(folder)
