{
  "invariant": {
    "first_name": "Jane",
    "gender": "female",
    "sentence": "Jane's favorite color is blue (0000FF). Over the observation period, she gained 2.5 lbs.",
    "color_info": {
      "favorite_color": "blue",
      "rgb_val": "0000FF"
    }
  },
  "2010": {
    "weight_in_pounds": 120.6
  },
  "2011": {
    "weight_in_pounds": 126.2
  },
  "2012": {
    "weight_in_pounds": 119.0
  },
  "2013": {
    "weight_in_pounds": 123.1
  }
}
