{
  "invariant": {
    "first_name": "Steve",
    "gender": "male",
    "total_weight_gain": 3.9,
    "sentence": "Steve's favorite color is orange (FFA500). Over the observation period, he gained 3.9 lbs.",
    "color_info": {
      "favorite_color": "orange",
      "rgb_value": "FFA500"
    }
  },
  "2013": {
    "weight_in_pounds": 172.3
  },
  "2010": {
    "weight_in_pounds": 168.4
  },
  "2011": {
    "weight_in_pounds": 170.1
  },
  "2012": {
    "weight_in_pounds": 174.2
  }
}