{
  "2": {"temporal_int_1": 12, "temporal_int_2": 23},
  "immutable": {
    "immutable_int": 19
  }
}
