{
  "2": {"temporal_int_1": 10, "temporal_int_2": 30},
  "3": {"temporal_int_1": 12, "temporal_int_2": 22}
}